// Jest Snapshot v1, https://goo.gl/fbAQLP

exports[`renders correctly 1`] = `
<div
  className="jsx-3497767100"
>
  Test Component
</div>
`;
